Using pre-set license
Built from '2020.2/release' branch; Version is '2020.2.1f1 (270dd8c3da1c) revision 2559448'; Using compiler version '192528614'; Build Type 'Release'
OS: 'Windows 10  (10.0.0) 64bit' Language: 'en' Physical Memory: 32672 MB
BatchMode: 1, IsHumanControllingUs: 0, StartBugReporterOnCrash: 0, Is64bit: 1, IsPro: 0

 COMMAND LINE ARGUMENTS:
H:\Unity\2020.2.1f1\Editor\Unity.exe
-adb2
-batchMode
-noUpm
-name
AssetImportWorker0
-projectPath
H:/Abundance-Games/Ray Tracing 1
-logFile
Logs/AssetImportWorker0.log
-srvPort
51338
Successfully changed project path to: H:/Abundance-Games/Ray Tracing 1
H:/Abundance-Games/Ray Tracing 1
Using Asset Import Pipeline V2.
Refreshing native plugins compatible for Editor in 59.36 ms, found 0 plugins.
Preloading 0 native plugins for Editor in 0.00 ms.
Initialize engine version: 2020.2.1f1 (270dd8c3da1c)
[Subsystems] Discovering subsystems at path H:/Unity/2020.2.1f1/Editor/Data/Resources/UnitySubsystems
[Subsystems] Discovering subsystems at path H:/Abundance-Games/Ray Tracing 1/Assets
GfxDevice: creating device client; threaded=0
d3d12: loaded!
Direct3D:
    Version:         Direct3D 12 [level 12.1]
    Renderer:        NVIDIA GeForce RTX 3080 (ID=0x2206)
    Vendor:          
    VRAM:            10077 MB
    App VRAM Budget: 8565 MB
    Driver:          27.21.14.6109
d3d12: Profiler is enabled, but stable power state is not. GPU timing errors are expected.

Initialize mono
Mono path[0] = 'H:/Unity/2020.2.1f1/Editor/Data/Managed'
Mono path[1] = 'H:/Unity/2020.2.1f1/Editor/Data/MonoBleedingEdge/lib/mono/unityjit'
Mono config path = 'H:/Unity/2020.2.1f1/Editor/Data/MonoBleedingEdge/etc'
Using monoOptions --debugger-agent=transport=dt_socket,embedding=1,server=y,suspend=n,address=127.0.0.1:56992
Begin MonoManager ReloadAssembly
Registering precompiled unity dll's ...
Register platform support module: H:/Unity/2020.2.1f1/Editor/Data/PlaybackEngines/WebGLSupport/UnityEditor.WebGL.Extensions.dll
Register platform support module: H:/Unity/2020.2.1f1/Editor/Data/PlaybackEngines/WindowsStandaloneSupport/UnityEditor.WindowsStandalone.Extensions.dll
Registered in 0.001087 seconds.
Native extension for WindowsStandalone target not found
Native extension for WebGL target not found
Refreshing native plugins compatible for Editor in 61.90 ms, found 0 plugins.
Preloading 0 native plugins for Editor in 0.00 ms.
Invoked RoslynAnalysisRunner static constructor.
RoslynAnalysisRunner will not be running.
RoslynAnalysisRunner has terminated.
Mono: successfully reloaded assembly
- Completed reload, in  1.957 seconds
Platform modules already initialized, skipping
Registering precompiled user dll's ...
Registered in 0.001059 seconds.
Begin MonoManager ReloadAssembly
Native extension for WindowsStandalone target not found
Native extension for WebGL target not found
Refreshing native plugins compatible for Editor in 67.70 ms, found 0 plugins.
Preloading 0 native plugins for Editor in 0.00 ms.
Invoked RoslynAnalysisRunner static constructor.
RoslynAnalysisRunner will not be running.
RoslynAnalysisRunner has terminated.
Mono: successfully reloaded assembly
- Completed reload, in  1.099 seconds
Platform modules already initialized, skipping
========================================================================
Worker process is ready to serve import requests
Launched and connected shader compiler UnityShaderCompiler.exe after 0.04 seconds
Refreshing native plugins compatible for Editor in 0.52 ms, found 0 plugins.
Preloading 0 native plugins for Editor in 0.00 ms.
Unloading 3332 Unused Serialized files (Serialized files now loaded: 0)
System memory in use before: 176.4 MB.
System memory in use after: 176.6 MB.

Unloading 11 unused Assets to reduce memory usage. Loaded Objects now: 3788.
Total: 2.194500 ms (FindLiveObjects: 0.293500 ms CreateObjectMapping: 0.082100 ms MarkObjects: 1.761100 ms  DeleteObjects: 0.056900 ms)

========================================================================
Received Import Request.
  path: Assets/Tree.prefab
  artifactKey: Guid(f034a5eb87dcab54ea61a391dd4346c2) Importer(815301076,1909f56bfc062723c751e8b465ee728b)
Start importing Assets/Tree.prefab using Guid(f034a5eb87dcab54ea61a391dd4346c2) Importer(815301076,1909f56bfc062723c751e8b465ee728b)  -> (artifact id: '90d015847401a5ce3e51e51a3f1a4b1a') in 5.780156 seconds
  Import took 5.785953 seconds .

========================================================================
Received Import Request.
  Time since last request: 5.211489 seconds.
  path: Assets/HDRPDefaultResources/Foliage Diffusion Profile.asset
  artifactKey: Guid(b544d1d1f88a643479c76ec53a9c9095) Importer(815301076,1909f56bfc062723c751e8b465ee728b)
Start importing Assets/HDRPDefaultResources/Foliage Diffusion Profile.asset using Guid(b544d1d1f88a643479c76ec53a9c9095) Importer(815301076,1909f56bfc062723c751e8b465ee728b)  -> (artifact id: 'd8d576bedfc950ac8624e8cc77b55930') in 0.007033 seconds
  Import took 0.011784 seconds .

========================================================================
Received Import Request.
  Time since last request: 1.051210 seconds.
  path: Assets/HDRPDefaultResources/DefaultSettingsVolumeProfile.asset
  artifactKey: Guid(9cd2ae95fcbcef343bec2829d2018175) Importer(815301076,1909f56bfc062723c751e8b465ee728b)
Start importing Assets/HDRPDefaultResources/DefaultSettingsVolumeProfile.asset using Guid(9cd2ae95fcbcef343bec2829d2018175) Importer(815301076,1909f56bfc062723c751e8b465ee728b)  -> (artifact id: '8907140582dfdbab7ecb563735de53f0') in 0.006785 seconds
  Import took 0.011412 seconds .

========================================================================
Received Import Request.
  Time since last request: 1.231461 seconds.
  path: Assets/HDRPDefaultResources/HDRenderPipelineAsset.asset
  artifactKey: Guid(241f0cd73576ad94381fd22f04aeab38) Importer(815301076,1909f56bfc062723c751e8b465ee728b)
Start importing Assets/HDRPDefaultResources/HDRenderPipelineAsset.asset using Guid(241f0cd73576ad94381fd22f04aeab38) Importer(815301076,1909f56bfc062723c751e8b465ee728b)  -> (artifact id: '063d09ae4e3ab0ec15d1375b7a2e0468') in 0.008378 seconds
  Import took 0.012975 seconds .

========================================================================
Received Import Request.
  Time since last request: 0.026125 seconds.
  path: Assets/HDRPDefaultResources/HDRenderPipelineAsset.asset
  artifactKey: Guid(241f0cd73576ad94381fd22f04aeab38) Importer(815301076,1909f56bfc062723c751e8b465ee728b)
Start importing Assets/HDRPDefaultResources/HDRenderPipelineAsset.asset using Guid(241f0cd73576ad94381fd22f04aeab38) Importer(815301076,1909f56bfc062723c751e8b465ee728b)  -> (artifact id: '063d09ae4e3ab0ec15d1375b7a2e0468') in 0.003683 seconds
  Import took 0.007959 seconds .

========================================================================
Received Import Request.
  Time since last request: 0.561916 seconds.
  path: Assets/HDRPDefaultResources/Skin Diffusion Profile.asset
  artifactKey: Guid(7018d7bcb3cbe2a478ade281e93c44cc) Importer(815301076,1909f56bfc062723c751e8b465ee728b)
Start importing Assets/HDRPDefaultResources/Skin Diffusion Profile.asset using Guid(7018d7bcb3cbe2a478ade281e93c44cc) Importer(815301076,1909f56bfc062723c751e8b465ee728b)  -> (artifact id: '73c6c546025e12b1d5759321e99245bd') in 0.005565 seconds
  Import took 0.010345 seconds .

========================================================================
Received Import Request.
  Time since last request: 0.004647 seconds.
  path: Assets/HDRPDefaultResources/Skin Diffusion Profile.asset
  artifactKey: Guid(7018d7bcb3cbe2a478ade281e93c44cc) Importer(815301076,1909f56bfc062723c751e8b465ee728b)
Start importing Assets/HDRPDefaultResources/Skin Diffusion Profile.asset using Guid(7018d7bcb3cbe2a478ade281e93c44cc) Importer(815301076,1909f56bfc062723c751e8b465ee728b)  -> (artifact id: '73c6c546025e12b1d5759321e99245bd') in 0.002483 seconds
  Import took 0.006159 seconds .

========================================================================
Received Import Request.
  Time since last request: 1.748415 seconds.
  path: Assets/Animations
  artifactKey: Guid(387cac758fb44aa498f7c0c12582bdb0) Importer(815301076,1909f56bfc062723c751e8b465ee728b)
Start importing Assets/Animations using Guid(387cac758fb44aa498f7c0c12582bdb0) Importer(815301076,1909f56bfc062723c751e8b465ee728b)  -> (artifact id: 'be7bd397eaae6b7cc5f32252e7be1c17') in 0.005327 seconds
  Import took 0.009859 seconds .

========================================================================
Received Import Request.
  Time since last request: 0.003692 seconds.
  path: Assets/Animations
  artifactKey: Guid(387cac758fb44aa498f7c0c12582bdb0) Importer(815301076,1909f56bfc062723c751e8b465ee728b)
Start importing Assets/Animations using Guid(387cac758fb44aa498f7c0c12582bdb0) Importer(815301076,1909f56bfc062723c751e8b465ee728b)  -> (artifact id: 'be7bd397eaae6b7cc5f32252e7be1c17') in 0.001821 seconds
  Import took 0.005272 seconds .

========================================================================
Received Prepare
Registering precompiled user dll's ...
Registered in 0.001244 seconds.
Begin MonoManager ReloadAssembly
Native extension for WindowsStandalone target not found
Native extension for WebGL target not found
Refreshing native plugins compatible for Editor in 0.50 ms, found 0 plugins.
Preloading 0 native plugins for Editor in 0.00 ms.
Invoked RoslynAnalysisRunner static constructor.
RoslynAnalysisRunner will not be running.
RoslynAnalysisRunner has terminated.
Mono: successfully reloaded assembly
- Completed reload, in  0.979 seconds
Platform modules already initialized, skipping
Refreshing native plugins compatible for Editor in 0.55 ms, found 0 plugins.
Preloading 0 native plugins for Editor in 0.00 ms.
Unloading 3050 Unused Serialized files (Serialized files now loaded: 0)
System memory in use before: 177.2 MB.
System memory in use after: 177.4 MB.

Unloading 20 unused Assets to reduce memory usage. Loaded Objects now: 3964.
Total: 2.662500 ms (FindLiveObjects: 0.322800 ms CreateObjectMapping: 0.079000 ms MarkObjects: 1.822700 ms  DeleteObjects: 0.437000 ms)

========================================================================
Received Prepare
Registering precompiled user dll's ...
Registered in 0.056682 seconds.
Begin MonoManager ReloadAssembly
Native extension for WindowsStandalone target not found
Native extension for WebGL target not found
Refreshing native plugins compatible for Editor in 0.56 ms, found 0 plugins.
Preloading 0 native plugins for Editor in 0.00 ms.
Invoked RoslynAnalysisRunner static constructor.
RoslynAnalysisRunner will not be running.
RoslynAnalysisRunner has terminated.
Mono: successfully reloaded assembly
- Completed reload, in  4.088 seconds
Platform modules already initialized, skipping
Refreshing native plugins compatible for Editor in 0.58 ms, found 0 plugins.
Preloading 0 native plugins for Editor in 0.00 ms.
Unloading 3033 Unused Serialized files (Serialized files now loaded: 0)
System memory in use before: 176.7 MB.
System memory in use after: 176.9 MB.

Unloading 6 unused Assets to reduce memory usage. Loaded Objects now: 3966.
Total: 2.400500 ms (FindLiveObjects: 0.336800 ms CreateObjectMapping: 0.090800 ms MarkObjects: 1.917400 ms  DeleteObjects: 0.054600 ms)

========================================================================
Received Import Request.
  Time since last request: 18199.642333 seconds.
  path: Assets/Tree_Textures
  artifactKey: Guid(4468ed64f335abe4cb3be6fa4c5c92f7) Importer(815301076,1909f56bfc062723c751e8b465ee728b)
Start importing Assets/Tree_Textures using Guid(4468ed64f335abe4cb3be6fa4c5c92f7) Importer(815301076,1909f56bfc062723c751e8b465ee728b)  -> (artifact id: 'c18acc11f12eedb2a27bef3b67de9da6') in 0.008644 seconds
  Import took 0.013672 seconds .

========================================================================
Received Import Request.
  Time since last request: 0.000948 seconds.
  path: Assets/Tree_Textures
  artifactKey: Guid(4468ed64f335abe4cb3be6fa4c5c92f7) Importer(815301076,1909f56bfc062723c751e8b465ee728b)
Start importing Assets/Tree_Textures using Guid(4468ed64f335abe4cb3be6fa4c5c92f7) Importer(815301076,1909f56bfc062723c751e8b465ee728b)  -> (artifact id: 'c18acc11f12eedb2a27bef3b67de9da6') in 0.001878 seconds
  Import took 0.005370 seconds .

========================================================================
Received Prepare
Registering precompiled user dll's ...
Registered in 0.001295 seconds.
Begin MonoManager ReloadAssembly
Native extension for WindowsStandalone target not found
Native extension for WebGL target not found
Refreshing native plugins compatible for Editor in 0.56 ms, found 0 plugins.
Preloading 0 native plugins for Editor in 0.00 ms.
Invoked RoslynAnalysisRunner static constructor.
RoslynAnalysisRunner will not be running.
RoslynAnalysisRunner has terminated.
Mono: successfully reloaded assembly
- Completed reload, in  0.971 seconds
Platform modules already initialized, skipping
Refreshing native plugins compatible for Editor in 0.56 ms, found 0 plugins.
Preloading 0 native plugins for Editor in 0.00 ms.
Unloading 3033 Unused Serialized files (Serialized files now loaded: 0)
System memory in use before: 176.7 MB.
System memory in use after: 177.0 MB.

Unloading 6 unused Assets to reduce memory usage. Loaded Objects now: 3968.
Total: 2.763800 ms (FindLiveObjects: 0.397500 ms CreateObjectMapping: 0.224700 ms MarkObjects: 2.090200 ms  DeleteObjects: 0.050600 ms)

========================================================================
Received Prepare
Registering precompiled user dll's ...
Registered in 0.001256 seconds.
Begin MonoManager ReloadAssembly
Native extension for WindowsStandalone target not found
Native extension for WebGL target not found
Refreshing native plugins compatible for Editor in 0.53 ms, found 0 plugins.
Preloading 0 native plugins for Editor in 0.00 ms.
Invoked RoslynAnalysisRunner static constructor.
RoslynAnalysisRunner will not be running.
RoslynAnalysisRunner has terminated.
Mono: successfully reloaded assembly
- Completed reload, in  0.928 seconds
Platform modules already initialized, skipping
Refreshing native plugins compatible for Editor in 0.52 ms, found 0 plugins.
Preloading 0 native plugins for Editor in 0.00 ms.
Unloading 3033 Unused Serialized files (Serialized files now loaded: 0)
System memory in use before: 176.8 MB.
System memory in use after: 177.0 MB.

Unloading 6 unused Assets to reduce memory usage. Loaded Objects now: 3970.
Total: 2.312200 ms (FindLiveObjects: 0.323400 ms CreateObjectMapping: 0.086600 ms MarkObjects: 1.858600 ms  DeleteObjects: 0.042700 ms)

========================================================================
Received Prepare
Registering precompiled user dll's ...
Registered in 0.001371 seconds.
Begin MonoManager ReloadAssembly
Native extension for WindowsStandalone target not found
Native extension for WebGL target not found
Refreshing native plugins compatible for Editor in 0.54 ms, found 0 plugins.
Preloading 0 native plugins for Editor in 0.00 ms.
Invoked RoslynAnalysisRunner static constructor.
RoslynAnalysisRunner will not be running.
RoslynAnalysisRunner has terminated.
Mono: successfully reloaded assembly
- Completed reload, in  0.940 seconds
Platform modules already initialized, skipping
Refreshing native plugins compatible for Editor in 0.53 ms, found 0 plugins.
Preloading 0 native plugins for Editor in 0.00 ms.
Unloading 3033 Unused Serialized files (Serialized files now loaded: 0)
System memory in use before: 176.7 MB.
System memory in use after: 176.9 MB.

Unloading 6 unused Assets to reduce memory usage. Loaded Objects now: 3972.
Total: 2.250700 ms (FindLiveObjects: 0.300000 ms CreateObjectMapping: 0.079200 ms MarkObjects: 1.828000 ms  DeleteObjects: 0.042900 ms)

========================================================================
Received Prepare
Registering precompiled user dll's ...
Registered in 0.001351 seconds.
Begin MonoManager ReloadAssembly
Native extension for WindowsStandalone target not found
Native extension for WebGL target not found
Refreshing native plugins compatible for Editor in 0.58 ms, found 0 plugins.
Preloading 0 native plugins for Editor in 0.00 ms.
Invoked RoslynAnalysisRunner static constructor.
RoslynAnalysisRunner will not be running.
RoslynAnalysisRunner has terminated.
Mono: successfully reloaded assembly
- Completed reload, in  0.963 seconds
Platform modules already initialized, skipping
Refreshing native plugins compatible for Editor in 0.54 ms, found 0 plugins.
Preloading 0 native plugins for Editor in 0.00 ms.
Unloading 3033 Unused Serialized files (Serialized files now loaded: 0)
System memory in use before: 176.8 MB.
System memory in use after: 177.0 MB.

Unloading 6 unused Assets to reduce memory usage. Loaded Objects now: 3974.
Total: 2.424600 ms (FindLiveObjects: 0.325400 ms CreateObjectMapping: 0.090500 ms MarkObjects: 1.957500 ms  DeleteObjects: 0.050600 ms)

========================================================================
Received Prepare
Registering precompiled user dll's ...
Registered in 0.053323 seconds.
Begin MonoManager ReloadAssembly
Native extension for WindowsStandalone target not found
Native extension for WebGL target not found
Refreshing native plugins compatible for Editor in 0.53 ms, found 0 plugins.
Preloading 0 native plugins for Editor in 0.00 ms.
Invoked RoslynAnalysisRunner static constructor.
RoslynAnalysisRunner will not be running.
RoslynAnalysisRunner has terminated.
Mono: successfully reloaded assembly
- Completed reload, in  3.704 seconds
Platform modules already initialized, skipping
Refreshing native plugins compatible for Editor in 0.55 ms, found 0 plugins.
Preloading 0 native plugins for Editor in 0.00 ms.
Unloading 3033 Unused Serialized files (Serialized files now loaded: 0)
System memory in use before: 176.8 MB.
System memory in use after: 177.0 MB.

Unloading 6 unused Assets to reduce memory usage. Loaded Objects now: 3976.
Total: 2.242100 ms (FindLiveObjects: 0.300300 ms CreateObjectMapping: 0.086100 ms MarkObjects: 1.810300 ms  DeleteObjects: 0.044700 ms)

AssetImportWorkerClient::OnTransportError - code=2 error=End of file
