Using pre-set license
Built from '2020.2/release' branch; Version is '2020.2.1f1 (270dd8c3da1c) revision 2559448'; Using compiler version '192528614'; Build Type 'Release'
OS: 'Windows 10  (10.0.0) 64bit' Language: 'en' Physical Memory: 32672 MB
BatchMode: 1, IsHumanControllingUs: 0, StartBugReporterOnCrash: 0, Is64bit: 1, IsPro: 0

 COMMAND LINE ARGUMENTS:
H:\Unity\2020.2.1f1\Editor\Unity.exe
-adb2
-batchMode
-noUpm
-name
AssetImportWorker0
-projectPath
H:/Abundance-Games/Ray Tracing 1
-logFile
Logs/AssetImportWorker0.log
-srvPort
55188
Successfully changed project path to: H:/Abundance-Games/Ray Tracing 1
H:/Abundance-Games/Ray Tracing 1
Using Asset Import Pipeline V2.
Refreshing native plugins compatible for Editor in 59.26 ms, found 0 plugins.
Preloading 0 native plugins for Editor in 0.00 ms.
Initialize engine version: 2020.2.1f1 (270dd8c3da1c)
[Subsystems] Discovering subsystems at path H:/Unity/2020.2.1f1/Editor/Data/Resources/UnitySubsystems
[Subsystems] Discovering subsystems at path H:/Abundance-Games/Ray Tracing 1/Assets
GfxDevice: creating device client; threaded=0
d3d12: loaded!
Direct3D:
    Version:         Direct3D 12 [level 12.1]
    Renderer:        NVIDIA GeForce RTX 3080 (ID=0x2206)
    Vendor:          
    VRAM:            10077 MB
    App VRAM Budget: 8565 MB
    Driver:          27.21.14.6109
d3d12: Profiler is enabled, but stable power state is not. GPU timing errors are expected.

Initialize mono
Mono path[0] = 'H:/Unity/2020.2.1f1/Editor/Data/Managed'
Mono path[1] = 'H:/Unity/2020.2.1f1/Editor/Data/MonoBleedingEdge/lib/mono/unityjit'
Mono config path = 'H:/Unity/2020.2.1f1/Editor/Data/MonoBleedingEdge/etc'
Using monoOptions --debugger-agent=transport=dt_socket,embedding=1,server=y,suspend=n,address=127.0.0.1:56648
Begin MonoManager ReloadAssembly
Registering precompiled unity dll's ...
Register platform support module: H:/Unity/2020.2.1f1/Editor/Data/PlaybackEngines/WebGLSupport/UnityEditor.WebGL.Extensions.dll
Register platform support module: H:/Unity/2020.2.1f1/Editor/Data/PlaybackEngines/WindowsStandaloneSupport/UnityEditor.WindowsStandalone.Extensions.dll
Registered in 0.001113 seconds.
Native extension for WindowsStandalone target not found
Native extension for WebGL target not found
Refreshing native plugins compatible for Editor in 60.76 ms, found 0 plugins.
Preloading 0 native plugins for Editor in 0.00 ms.
Invoked RoslynAnalysisRunner static constructor.
RoslynAnalysisRunner will not be running.
RoslynAnalysisRunner has terminated.
Mono: successfully reloaded assembly
- Completed reload, in  1.936 seconds
Platform modules already initialized, skipping
Registering precompiled user dll's ...
Registered in 0.001271 seconds.
Begin MonoManager ReloadAssembly
Native extension for WindowsStandalone target not found
Native extension for WebGL target not found
Refreshing native plugins compatible for Editor in 70.88 ms, found 0 plugins.
Preloading 0 native plugins for Editor in 0.00 ms.
Invoked RoslynAnalysisRunner static constructor.
RoslynAnalysisRunner will not be running.
RoslynAnalysisRunner has terminated.
Mono: successfully reloaded assembly
- Completed reload, in  1.084 seconds
Platform modules already initialized, skipping
========================================================================
Worker process is ready to serve import requests
Launched and connected shader compiler UnityShaderCompiler.exe after 0.04 seconds
Refreshing native plugins compatible for Editor in 0.52 ms, found 0 plugins.
Preloading 0 native plugins for Editor in 0.00 ms.
Unloading 3333 Unused Serialized files (Serialized files now loaded: 0)
System memory in use before: 180.6 MB.
System memory in use after: 180.8 MB.

Unloading 11 unused Assets to reduce memory usage. Loaded Objects now: 3793.
Total: 2.163900 ms (FindLiveObjects: 0.289000 ms CreateObjectMapping: 0.080400 ms MarkObjects: 1.737800 ms  DeleteObjects: 0.055900 ms)

========================================================================
Received Import Request.
  path: Assets/Scenes/SampleScene.unity
  artifactKey: Guid(9fc0d4010bbf28b4594072e72b8655ab) Importer(815301076,1909f56bfc062723c751e8b465ee728b)
Start importing Assets/Scenes/SampleScene.unity using Guid(9fc0d4010bbf28b4594072e72b8655ab) Importer(815301076,1909f56bfc062723c751e8b465ee728b)  -> (artifact id: '7ef0337f6057a97c1529a1ffd4545dc8') in 0.016763 seconds
  Import took 0.021656 seconds .

========================================================================
Received Import Request.
  Time since last request: 11.688270 seconds.
  path: Assets/Scenes
  artifactKey: Guid(c75183283009cab45aa234cb1ba37e74) Importer(815301076,1909f56bfc062723c751e8b465ee728b)
Start importing Assets/Scenes using Guid(c75183283009cab45aa234cb1ba37e74) Importer(815301076,1909f56bfc062723c751e8b465ee728b)  -> (artifact id: '698e31d34b2d3988d588a9e2709b6abe') in 0.005295 seconds
  Import took 0.009942 seconds .

========================================================================
Received Import Request.
  Time since last request: 0.006943 seconds.
  path: Assets/Scenes
  artifactKey: Guid(c75183283009cab45aa234cb1ba37e74) Importer(815301076,1909f56bfc062723c751e8b465ee728b)
Start importing Assets/Scenes using Guid(c75183283009cab45aa234cb1ba37e74) Importer(815301076,1909f56bfc062723c751e8b465ee728b)  -> (artifact id: '698e31d34b2d3988d588a9e2709b6abe') in 0.002016 seconds
  Import took 0.006439 seconds .

========================================================================
Received Import Request.
  Time since last request: 17.729246 seconds.
  path: Assets/Scenes/LED_Mirror_Hallway.unity
  artifactKey: Guid(ea0af53cafe115a4e964c65188501c81) Importer(815301076,1909f56bfc062723c751e8b465ee728b)
Start importing Assets/Scenes/LED_Mirror_Hallway.unity using Guid(ea0af53cafe115a4e964c65188501c81) Importer(815301076,1909f56bfc062723c751e8b465ee728b)  -> (artifact id: '69f330ce04b3dc3e55c517b46c346cbe') in 0.006026 seconds
  Import took 0.010877 seconds .

========================================================================
Received Import Request.
  Time since last request: 57.300862 seconds.
  path: Assets/Scenes/SpheresInFrontOnMirrors.unity
  artifactKey: Guid(9fc0d4010bbf28b4594072e72b8655ab) Importer(815301076,1909f56bfc062723c751e8b465ee728b)
Start importing Assets/Scenes/SpheresInFrontOnMirrors.unity using Guid(9fc0d4010bbf28b4594072e72b8655ab) Importer(815301076,1909f56bfc062723c751e8b465ee728b)  -> (artifact id: '3c24db540763bae9cc2ceeebedcaf09f') in 0.019527 seconds
  Import took 0.024276 seconds .

========================================================================
Received Import Request.
  Time since last request: 5.277294 seconds.
  path: Assets/Scenes/SpheresInFrontOfMirrors.unity
  artifactKey: Guid(9fc0d4010bbf28b4594072e72b8655ab) Importer(815301076,1909f56bfc062723c751e8b465ee728b)
Start importing Assets/Scenes/SpheresInFrontOfMirrors.unity using Guid(9fc0d4010bbf28b4594072e72b8655ab) Importer(815301076,1909f56bfc062723c751e8b465ee728b)  -> (artifact id: '20e2e626c0f58b974533b135b2391435') in 0.006029 seconds
  Import took 0.010615 seconds .

========================================================================
Received Import Request.
  Time since last request: 134.872248 seconds.
  path: Assets/Prefabs/Wall.prefab
  artifactKey: Guid(c2ce823b06cf80d40bfcd3bd533b0a28) Importer(815301076,1909f56bfc062723c751e8b465ee728b)
Start importing Assets/Prefabs/Wall.prefab using Guid(c2ce823b06cf80d40bfcd3bd533b0a28) Importer(815301076,1909f56bfc062723c751e8b465ee728b)  -> (artifact id: '9faf1359485d243a2b200f1fb5d0236a') in 1.427320 seconds
  Import took 1.433140 seconds .

========================================================================
Received Import Request.
  Time since last request: 587.091055 seconds.
  path: Assets/Prefabs/Area Light Red.prefab
  artifactKey: Guid(a129b805168ace9488344c4db26444f5) Importer(815301076,1909f56bfc062723c751e8b465ee728b)
Start importing Assets/Prefabs/Area Light Red.prefab using Guid(a129b805168ace9488344c4db26444f5) Importer(815301076,1909f56bfc062723c751e8b465ee728b)  -> (artifact id: '52d81f86f83c30723b303ca6b32aa601') in 0.016127 seconds
  Import took 0.021537 seconds .

========================================================================
Received Import Request.
  Time since last request: 0.006054 seconds.
  path: Assets/Prefabs/Area Light Red.prefab
  artifactKey: Guid(a129b805168ace9488344c4db26444f5) Importer(815301076,1909f56bfc062723c751e8b465ee728b)
Start importing Assets/Prefabs/Area Light Red.prefab using Guid(a129b805168ace9488344c4db26444f5) Importer(815301076,1909f56bfc062723c751e8b465ee728b)  -> (artifact id: '52d81f86f83c30723b303ca6b32aa601') in 0.003475 seconds
  Import took 0.007994 seconds .

========================================================================
Received Prepare
Registering precompiled user dll's ...
Registered in 0.001291 seconds.
Begin MonoManager ReloadAssembly
Native extension for WindowsStandalone target not found
Native extension for WebGL target not found
Refreshing native plugins compatible for Editor in 0.58 ms, found 0 plugins.
Preloading 0 native plugins for Editor in 0.00 ms.
Invoked RoslynAnalysisRunner static constructor.
RoslynAnalysisRunner will not be running.
RoslynAnalysisRunner has terminated.
Mono: successfully reloaded assembly
- Completed reload, in  0.981 seconds
Platform modules already initialized, skipping
Refreshing native plugins compatible for Editor in 0.52 ms, found 0 plugins.
Preloading 0 native plugins for Editor in 0.00 ms.
Unloading 3045 Unused Serialized files (Serialized files now loaded: 0)
System memory in use before: 181.1 MB.
System memory in use after: 181.3 MB.

Unloading 6 unused Assets to reduce memory usage. Loaded Objects now: 3929.
Total: 2.288300 ms (FindLiveObjects: 0.343500 ms CreateObjectMapping: 0.079000 ms MarkObjects: 1.818800 ms  DeleteObjects: 0.046000 ms)

========================================================================
Received Import Request.
  Time since last request: 511.057746 seconds.
  path: Assets/Prefabs/Area Light Blue.prefab
  artifactKey: Guid(1450f71761e31294f9be97fd61b1418e) Importer(815301076,1909f56bfc062723c751e8b465ee728b)
Start importing Assets/Prefabs/Area Light Blue.prefab using Guid(1450f71761e31294f9be97fd61b1418e) Importer(815301076,1909f56bfc062723c751e8b465ee728b)  -> (artifact id: '37dd7ddedfa1bd5f624614cdbec16b2e') in 0.031871 seconds
  Import took 0.036540 seconds .

========================================================================
Received Prepare
Registering precompiled user dll's ...
Registered in 0.001277 seconds.
Begin MonoManager ReloadAssembly
Native extension for WindowsStandalone target not found
Native extension for WebGL target not found
Refreshing native plugins compatible for Editor in 0.53 ms, found 0 plugins.
Preloading 0 native plugins for Editor in 0.00 ms.
Invoked RoslynAnalysisRunner static constructor.
RoslynAnalysisRunner will not be running.
RoslynAnalysisRunner has terminated.
Mono: successfully reloaded assembly
- Completed reload, in  0.928 seconds
Platform modules already initialized, skipping
Refreshing native plugins compatible for Editor in 0.51 ms, found 0 plugins.
Preloading 0 native plugins for Editor in 0.00 ms.
Unloading 3033 Unused Serialized files (Serialized files now loaded: 0)
System memory in use before: 180.7 MB.
System memory in use after: 180.9 MB.

Unloading 6 unused Assets to reduce memory usage. Loaded Objects now: 3931.
Total: 2.573400 ms (FindLiveObjects: 0.324100 ms CreateObjectMapping: 0.079800 ms MarkObjects: 2.113200 ms  DeleteObjects: 0.055500 ms)

========================================================================
Received Import Request.
  Time since last request: 550.637760 seconds.
  path: Assets/Prefabs/Area Light Blue.prefab
  artifactKey: Guid(1450f71761e31294f9be97fd61b1418e) Importer(815301076,1909f56bfc062723c751e8b465ee728b)
Start importing Assets/Prefabs/Area Light Blue.prefab using Guid(1450f71761e31294f9be97fd61b1418e) Importer(815301076,1909f56bfc062723c751e8b465ee728b)  -> (artifact id: 'fca3dc39fe41a70ec054cfe4b84a47de') in 0.029677 seconds
  Import took 0.034858 seconds .

========================================================================
Received Import Request.
  Time since last request: 0.955685 seconds.
  path: Assets/Prefabs/Area Light Blue.prefab
  artifactKey: Guid(1450f71761e31294f9be97fd61b1418e) Importer(815301076,1909f56bfc062723c751e8b465ee728b)
Start importing Assets/Prefabs/Area Light Blue.prefab using Guid(1450f71761e31294f9be97fd61b1418e) Importer(815301076,1909f56bfc062723c751e8b465ee728b)  -> (artifact id: 'fb42e2d5ce91440200b56a9a427a7e02') in 0.003317 seconds
  Import took 0.008052 seconds .

========================================================================
Received Import Request.
  Time since last request: 1.629598 seconds.
  path: Assets/Prefabs/Area Light Blue.prefab
  artifactKey: Guid(1450f71761e31294f9be97fd61b1418e) Importer(815301076,1909f56bfc062723c751e8b465ee728b)
Start importing Assets/Prefabs/Area Light Blue.prefab using Guid(1450f71761e31294f9be97fd61b1418e) Importer(815301076,1909f56bfc062723c751e8b465ee728b)  -> (artifact id: '7d74bbd64c0b9a29d87200fb58050b40') in 0.003367 seconds
  Import took 0.008166 seconds .

========================================================================
Received Import Request.
  Time since last request: 2.707362 seconds.
  path: Assets/Prefabs/Area Light Red.prefab
  artifactKey: Guid(a129b805168ace9488344c4db26444f5) Importer(815301076,1909f56bfc062723c751e8b465ee728b)
Start importing Assets/Prefabs/Area Light Red.prefab using Guid(a129b805168ace9488344c4db26444f5) Importer(815301076,1909f56bfc062723c751e8b465ee728b)  -> (artifact id: '05f5b7b07308dc171771f231fe9c9b4e') in 0.003400 seconds
  Import took 0.008264 seconds .

========================================================================
Received Import Request.
  Time since last request: 5.644686 seconds.
  path: Assets/Prefabs/Area Light Red.prefab
  artifactKey: Guid(a129b805168ace9488344c4db26444f5) Importer(815301076,1909f56bfc062723c751e8b465ee728b)
Start importing Assets/Prefabs/Area Light Red.prefab using Guid(a129b805168ace9488344c4db26444f5) Importer(815301076,1909f56bfc062723c751e8b465ee728b)  -> (artifact id: 'efdd1115b437e94622b458fa3c74ad5d') in 0.003297 seconds
  Import took 0.007942 seconds .

========================================================================
Received Import Request.
  Time since last request: 1.420177 seconds.
  path: Assets/Prefabs/Area Light Red.prefab
  artifactKey: Guid(a129b805168ace9488344c4db26444f5) Importer(815301076,1909f56bfc062723c751e8b465ee728b)
Start importing Assets/Prefabs/Area Light Red.prefab using Guid(a129b805168ace9488344c4db26444f5) Importer(815301076,1909f56bfc062723c751e8b465ee728b)  -> (artifact id: '1d768f8e117beb94c404a02fb28da181') in 0.003421 seconds
  Import took 0.007948 seconds .

========================================================================
Received Import Request.
  Time since last request: 3.822728 seconds.
  path: Assets/Prefabs/Area Light Blue.prefab
  artifactKey: Guid(1450f71761e31294f9be97fd61b1418e) Importer(815301076,1909f56bfc062723c751e8b465ee728b)
Start importing Assets/Prefabs/Area Light Blue.prefab using Guid(1450f71761e31294f9be97fd61b1418e) Importer(815301076,1909f56bfc062723c751e8b465ee728b)  -> (artifact id: 'a74566ae82af91e0751fa638b1c25744') in 0.003405 seconds
  Import took 0.008084 seconds .

========================================================================
Received Import Request.
  Time since last request: 1.407767 seconds.
  path: Assets/Prefabs/Area Light Blue.prefab
  artifactKey: Guid(1450f71761e31294f9be97fd61b1418e) Importer(815301076,1909f56bfc062723c751e8b465ee728b)
Start importing Assets/Prefabs/Area Light Blue.prefab using Guid(1450f71761e31294f9be97fd61b1418e) Importer(815301076,1909f56bfc062723c751e8b465ee728b)  -> (artifact id: '23b3793d3accbf9d707c33a914788d56') in 0.003378 seconds
  Import took 0.007859 seconds .

========================================================================
Received Import Request.
  Time since last request: 4.678548 seconds.
  path: Assets/Prefabs/Area Light Red.prefab
  artifactKey: Guid(a129b805168ace9488344c4db26444f5) Importer(815301076,1909f56bfc062723c751e8b465ee728b)
Start importing Assets/Prefabs/Area Light Red.prefab using Guid(a129b805168ace9488344c4db26444f5) Importer(815301076,1909f56bfc062723c751e8b465ee728b)  -> (artifact id: 'ad41aeca9f543426476f79d866490c1e') in 0.003388 seconds
  Import took 0.008079 seconds .

========================================================================
Received Import Request.
  Time since last request: 2.115956 seconds.
  path: Assets/Prefabs/Area Light Blue.prefab
  artifactKey: Guid(1450f71761e31294f9be97fd61b1418e) Importer(815301076,1909f56bfc062723c751e8b465ee728b)
Start importing Assets/Prefabs/Area Light Blue.prefab using Guid(1450f71761e31294f9be97fd61b1418e) Importer(815301076,1909f56bfc062723c751e8b465ee728b)  -> (artifact id: '914dbdaf17a7315dbbba6758e8cb00a3') in 0.003315 seconds
  Import took 0.008107 seconds .

========================================================================
Received Import Request.
  Time since last request: 48.037004 seconds.
  path: Assets/Prefabs/Area Light Red.prefab
  artifactKey: Guid(a129b805168ace9488344c4db26444f5) Importer(815301076,1909f56bfc062723c751e8b465ee728b)
Start importing Assets/Prefabs/Area Light Red.prefab using Guid(a129b805168ace9488344c4db26444f5) Importer(815301076,1909f56bfc062723c751e8b465ee728b)  -> (artifact id: 'f62e37640591af9c7f32654bedf41754') in 0.003462 seconds
  Import took 0.008145 seconds .

========================================================================
Received Import Request.
  Time since last request: 1.029305 seconds.
  path: Assets/Prefabs/Area Light Red.prefab
  artifactKey: Guid(a129b805168ace9488344c4db26444f5) Importer(815301076,1909f56bfc062723c751e8b465ee728b)
Start importing Assets/Prefabs/Area Light Red.prefab using Guid(a129b805168ace9488344c4db26444f5) Importer(815301076,1909f56bfc062723c751e8b465ee728b)  -> (artifact id: '8d30a4b446026673fb0af8104f0dbdd0') in 0.003335 seconds
  Import took 0.007795 seconds .

========================================================================
Received Import Request.
  Time since last request: 0.992027 seconds.
  path: Assets/Prefabs/Area Light Red.prefab
  artifactKey: Guid(a129b805168ace9488344c4db26444f5) Importer(815301076,1909f56bfc062723c751e8b465ee728b)
Start importing Assets/Prefabs/Area Light Red.prefab using Guid(a129b805168ace9488344c4db26444f5) Importer(815301076,1909f56bfc062723c751e8b465ee728b)  -> (artifact id: '49cfb28a6749022df37fca15682dd0ff') in 0.003357 seconds
  Import took 0.008061 seconds .

========================================================================
Received Import Request.
  Time since last request: 1.017396 seconds.
  path: Assets/Prefabs/Area Light Red.prefab
  artifactKey: Guid(a129b805168ace9488344c4db26444f5) Importer(815301076,1909f56bfc062723c751e8b465ee728b)
Start importing Assets/Prefabs/Area Light Red.prefab using Guid(a129b805168ace9488344c4db26444f5) Importer(815301076,1909f56bfc062723c751e8b465ee728b)  -> (artifact id: 'ea10062189cf2830f96b6370d68b094f') in 0.003304 seconds
  Import took 0.007920 seconds .

========================================================================
Received Import Request.
  Time since last request: 3.220487 seconds.
  path: Assets/Prefabs/Area Light Red.prefab
  artifactKey: Guid(a129b805168ace9488344c4db26444f5) Importer(815301076,1909f56bfc062723c751e8b465ee728b)
Start importing Assets/Prefabs/Area Light Red.prefab using Guid(a129b805168ace9488344c4db26444f5) Importer(815301076,1909f56bfc062723c751e8b465ee728b)  -> (artifact id: 'efb0c8811182511fe402c365637f4e95') in 0.003256 seconds
  Import took 0.007916 seconds .

========================================================================
Received Import Request.
  Time since last request: 1.199652 seconds.
  path: Assets/Prefabs/Area Light Red.prefab
  artifactKey: Guid(a129b805168ace9488344c4db26444f5) Importer(815301076,1909f56bfc062723c751e8b465ee728b)
Start importing Assets/Prefabs/Area Light Red.prefab using Guid(a129b805168ace9488344c4db26444f5) Importer(815301076,1909f56bfc062723c751e8b465ee728b)  -> (artifact id: 'd118952da13f9621ae606eff19824452') in 0.003341 seconds
  Import took 0.008504 seconds .

========================================================================
Received Import Request.
  Time since last request: 1.016363 seconds.
  path: Assets/Prefabs/Area Light Red.prefab
  artifactKey: Guid(a129b805168ace9488344c4db26444f5) Importer(815301076,1909f56bfc062723c751e8b465ee728b)
Start importing Assets/Prefabs/Area Light Red.prefab using Guid(a129b805168ace9488344c4db26444f5) Importer(815301076,1909f56bfc062723c751e8b465ee728b)  -> (artifact id: 'c0c4556cd4930032f69b774b856cbdf9') in 0.003331 seconds
  Import took 0.007837 seconds .

========================================================================
Received Import Request.
  Time since last request: 2.590211 seconds.
  path: Assets/Prefabs/Area Light Blue.prefab
  artifactKey: Guid(1450f71761e31294f9be97fd61b1418e) Importer(815301076,1909f56bfc062723c751e8b465ee728b)
Start importing Assets/Prefabs/Area Light Blue.prefab using Guid(1450f71761e31294f9be97fd61b1418e) Importer(815301076,1909f56bfc062723c751e8b465ee728b)  -> (artifact id: '11e28f41207b1725f0c9b321b946ca4a') in 0.003440 seconds
  Import took 0.008155 seconds .

========================================================================
Received Import Request.
  Time since last request: 1.203860 seconds.
  path: Assets/Prefabs/Area Light Blue.prefab
  artifactKey: Guid(1450f71761e31294f9be97fd61b1418e) Importer(815301076,1909f56bfc062723c751e8b465ee728b)
Start importing Assets/Prefabs/Area Light Blue.prefab using Guid(1450f71761e31294f9be97fd61b1418e) Importer(815301076,1909f56bfc062723c751e8b465ee728b)  -> (artifact id: '1df32736dd9b6473aa4c051bb92bcdef') in 0.003432 seconds
  Import took 0.008112 seconds .

========================================================================
Received Import Request.
  Time since last request: 0.831087 seconds.
  path: Assets/Prefabs/Area Light Blue.prefab
  artifactKey: Guid(1450f71761e31294f9be97fd61b1418e) Importer(815301076,1909f56bfc062723c751e8b465ee728b)
Start importing Assets/Prefabs/Area Light Blue.prefab using Guid(1450f71761e31294f9be97fd61b1418e) Importer(815301076,1909f56bfc062723c751e8b465ee728b)  -> (artifact id: '8a6510f0785b60727416cf7d1ea02cac') in 0.003412 seconds
  Import took 0.008062 seconds .

========================================================================
Received Import Request.
  Time since last request: 99.740421 seconds.
  path: Assets/Prefabs/Area Light Blue.prefab
  artifactKey: Guid(1450f71761e31294f9be97fd61b1418e) Importer(815301076,1909f56bfc062723c751e8b465ee728b)
Start importing Assets/Prefabs/Area Light Blue.prefab using Guid(1450f71761e31294f9be97fd61b1418e) Importer(815301076,1909f56bfc062723c751e8b465ee728b)  -> (artifact id: '978b5b295d9ac38e76fdef80f8f83217') in 0.003494 seconds
  Import took 0.008255 seconds .

========================================================================
Received Import Request.
  Time since last request: 2.452728 seconds.
  path: Assets/Prefabs/Area Light Red.prefab
  artifactKey: Guid(a129b805168ace9488344c4db26444f5) Importer(815301076,1909f56bfc062723c751e8b465ee728b)
Start importing Assets/Prefabs/Area Light Red.prefab using Guid(a129b805168ace9488344c4db26444f5) Importer(815301076,1909f56bfc062723c751e8b465ee728b)  -> (artifact id: '4f8248f66b9cce29334f9186483ec415') in 0.003257 seconds
  Import took 0.007698 seconds .

========================================================================
Received Import Request.
  Time since last request: 3.041016 seconds.
  path: Assets/Prefabs/Area Light Red.prefab
  artifactKey: Guid(a129b805168ace9488344c4db26444f5) Importer(815301076,1909f56bfc062723c751e8b465ee728b)
Start importing Assets/Prefabs/Area Light Red.prefab using Guid(a129b805168ace9488344c4db26444f5) Importer(815301076,1909f56bfc062723c751e8b465ee728b)  -> (artifact id: '0e0e096984992135a7766b14dee094df') in 0.003194 seconds
  Import took 0.007650 seconds .

========================================================================
Received Import Request.
  Time since last request: 2.506433 seconds.
  path: Assets/Prefabs/Area Light Blue.prefab
  artifactKey: Guid(1450f71761e31294f9be97fd61b1418e) Importer(815301076,1909f56bfc062723c751e8b465ee728b)
Start importing Assets/Prefabs/Area Light Blue.prefab using Guid(1450f71761e31294f9be97fd61b1418e) Importer(815301076,1909f56bfc062723c751e8b465ee728b)  -> (artifact id: '7c742236bd2ecb871f509d527b2bd169') in 0.003343 seconds
  Import took 0.008068 seconds .

========================================================================
Received Import Request.
  Time since last request: 10136.999767 seconds.
  path: Assets/Prefabs/Area Light Blue.prefab
  artifactKey: Guid(1450f71761e31294f9be97fd61b1418e) Importer(815301076,1909f56bfc062723c751e8b465ee728b)
Start importing Assets/Prefabs/Area Light Blue.prefab using Guid(1450f71761e31294f9be97fd61b1418e) Importer(815301076,1909f56bfc062723c751e8b465ee728b)  -> (artifact id: '3c00dde4bec20deee56c2fb90b9507dd') in 0.003767 seconds
  Import took 0.008654 seconds .

========================================================================
Received Import Request.
  Time since last request: 2.971057 seconds.
  path: Assets/Prefabs/Area Light Blue.prefab
  artifactKey: Guid(1450f71761e31294f9be97fd61b1418e) Importer(815301076,1909f56bfc062723c751e8b465ee728b)
Start importing Assets/Prefabs/Area Light Blue.prefab using Guid(1450f71761e31294f9be97fd61b1418e) Importer(815301076,1909f56bfc062723c751e8b465ee728b)  -> (artifact id: '0cc9b3c6c7f88804e15f32348a5901bb') in 0.003322 seconds
  Import took 0.007815 seconds .

========================================================================
Received Import Request.
  Time since last request: 0.006568 seconds.
  path: Assets/Prefabs/Area Light Blue.prefab
  artifactKey: Guid(1450f71761e31294f9be97fd61b1418e) Importer(815301076,1909f56bfc062723c751e8b465ee728b)
Start importing Assets/Prefabs/Area Light Blue.prefab using Guid(1450f71761e31294f9be97fd61b1418e) Importer(815301076,1909f56bfc062723c751e8b465ee728b)  -> (artifact id: '0cc9b3c6c7f88804e15f32348a5901bb') in 0.003226 seconds
  Import took 0.007652 seconds .

========================================================================
Received Import Request.
  Time since last request: 3.574013 seconds.
  path: Assets/Prefabs/Area Light Blue.prefab
  artifactKey: Guid(1450f71761e31294f9be97fd61b1418e) Importer(815301076,1909f56bfc062723c751e8b465ee728b)
Start importing Assets/Prefabs/Area Light Blue.prefab using Guid(1450f71761e31294f9be97fd61b1418e) Importer(815301076,1909f56bfc062723c751e8b465ee728b)  -> (artifact id: '39012687e925cd665349ed9562675377') in 0.004374 seconds
  Import took 0.009111 seconds .

========================================================================
Received Import Request.
  Time since last request: 1.566238 seconds.
  path: Assets/Prefabs/Area Light Blue.prefab
  artifactKey: Guid(1450f71761e31294f9be97fd61b1418e) Importer(815301076,1909f56bfc062723c751e8b465ee728b)
Start importing Assets/Prefabs/Area Light Blue.prefab using Guid(1450f71761e31294f9be97fd61b1418e) Importer(815301076,1909f56bfc062723c751e8b465ee728b)  -> (artifact id: '3317625a619cdc15352e8c63e1150fa6') in 0.003406 seconds
  Import took 0.007979 seconds .

========================================================================
Received Import Request.
  Time since last request: 1.960923 seconds.
  path: Assets/Prefabs/Area Light Blue.prefab
  artifactKey: Guid(1450f71761e31294f9be97fd61b1418e) Importer(815301076,1909f56bfc062723c751e8b465ee728b)
Start importing Assets/Prefabs/Area Light Blue.prefab using Guid(1450f71761e31294f9be97fd61b1418e) Importer(815301076,1909f56bfc062723c751e8b465ee728b)  -> (artifact id: '97e685c582395087b606ee2a28755580') in 0.003439 seconds
  Import took 0.008097 seconds .

========================================================================
Received Import Request.
  Time since last request: 1.702568 seconds.
  path: Assets/Prefabs/Area Light Blue.prefab
  artifactKey: Guid(1450f71761e31294f9be97fd61b1418e) Importer(815301076,1909f56bfc062723c751e8b465ee728b)
Start importing Assets/Prefabs/Area Light Blue.prefab using Guid(1450f71761e31294f9be97fd61b1418e) Importer(815301076,1909f56bfc062723c751e8b465ee728b)  -> (artifact id: '427f94c01bd47d76f15610d517174e18') in 0.003442 seconds
  Import took 0.008149 seconds .

========================================================================
Received Import Request.
  Time since last request: 4.416327 seconds.
  path: Assets/Prefabs/Area Light Blue.prefab
  artifactKey: Guid(1450f71761e31294f9be97fd61b1418e) Importer(815301076,1909f56bfc062723c751e8b465ee728b)
Start importing Assets/Prefabs/Area Light Blue.prefab using Guid(1450f71761e31294f9be97fd61b1418e) Importer(815301076,1909f56bfc062723c751e8b465ee728b)  -> (artifact id: 'ea404185f3dd1ea7388561e56020dcbb') in 0.003410 seconds
  Import took 0.008183 seconds .

========================================================================
Received Import Request.
  Time since last request: 2579.074472 seconds.
  path: Assets/Prefabs/Area Light Blue.prefab
  artifactKey: Guid(1450f71761e31294f9be97fd61b1418e) Importer(815301076,1909f56bfc062723c751e8b465ee728b)
Start importing Assets/Prefabs/Area Light Blue.prefab using Guid(1450f71761e31294f9be97fd61b1418e) Importer(815301076,1909f56bfc062723c751e8b465ee728b)  -> (artifact id: 'ff7462405c7cdeb24436d27b521f309c') in 0.480501 seconds
  Import took 0.485785 seconds .

========================================================================
Received Import Request.
  Time since last request: 126.247902 seconds.
  path: Assets/Prefabs/Area Light Blue.prefab
  artifactKey: Guid(1450f71761e31294f9be97fd61b1418e) Importer(815301076,1909f56bfc062723c751e8b465ee728b)
Start importing Assets/Prefabs/Area Light Blue.prefab using Guid(1450f71761e31294f9be97fd61b1418e) Importer(815301076,1909f56bfc062723c751e8b465ee728b)  -> (artifact id: '556e5abf5198d6b83c80b60977fce5a7') in 0.041047 seconds
  Import took 0.046409 seconds .

========================================================================
Received Import Request.
  Time since last request: 415.338791 seconds.
  path: Assets/Prefabs/CubeWall.prefab
  artifactKey: Guid(d68e88c3ad454cb48a5a64a782069c2a) Importer(815301076,1909f56bfc062723c751e8b465ee728b)
Start importing Assets/Prefabs/CubeWall.prefab using Guid(d68e88c3ad454cb48a5a64a782069c2a) Importer(815301076,1909f56bfc062723c751e8b465ee728b)  -> (artifact id: '0fd86e3197e5f35ad4dd2dc8d303be4a') in 0.029582 seconds
  Import took 0.034875 seconds .

========================================================================
Received Import Request.
  Time since last request: 0.002373 seconds.
  path: Assets/Prefabs/CubeWall.prefab
  artifactKey: Guid(d68e88c3ad454cb48a5a64a782069c2a) Importer(815301076,1909f56bfc062723c751e8b465ee728b)
Start importing Assets/Prefabs/CubeWall.prefab using Guid(d68e88c3ad454cb48a5a64a782069c2a) Importer(815301076,1909f56bfc062723c751e8b465ee728b)  -> (artifact id: '0fd86e3197e5f35ad4dd2dc8d303be4a') in 0.021287 seconds
  Import took 0.026295 seconds .

========================================================================
Received Import Request.
  Time since last request: 33.768888 seconds.
  path: Assets/Prefabs/Wall.prefab
  artifactKey: Guid(c2ce823b06cf80d40bfcd3bd533b0a28) Importer(815301076,1909f56bfc062723c751e8b465ee728b)
Start importing Assets/Prefabs/Wall.prefab using Guid(c2ce823b06cf80d40bfcd3bd533b0a28) Importer(815301076,1909f56bfc062723c751e8b465ee728b)  -> (artifact id: '5b512fd3a587bc19504feccf36b18797') in 0.021922 seconds
  Import took 0.026808 seconds .

========================================================================
Received Import Request.
  Time since last request: 6.270819 seconds.
  path: Assets/Prefabs/Wall.prefab
  artifactKey: Guid(c2ce823b06cf80d40bfcd3bd533b0a28) Importer(815301076,1909f56bfc062723c751e8b465ee728b)
Start importing Assets/Prefabs/Wall.prefab using Guid(c2ce823b06cf80d40bfcd3bd533b0a28) Importer(815301076,1909f56bfc062723c751e8b465ee728b)  -> (artifact id: '882a9189b8017f4d380ddf75e0db648e') in 0.023157 seconds
  Import took 0.028095 seconds .

========================================================================
Received Import Request.
  Time since last request: 1.238368 seconds.
  path: Assets/Prefabs/Wall.prefab
  artifactKey: Guid(c2ce823b06cf80d40bfcd3bd533b0a28) Importer(815301076,1909f56bfc062723c751e8b465ee728b)
Start importing Assets/Prefabs/Wall.prefab using Guid(c2ce823b06cf80d40bfcd3bd533b0a28) Importer(815301076,1909f56bfc062723c751e8b465ee728b)  -> (artifact id: '87d84912222c62ae340b1dab9f38c266') in 0.023315 seconds
  Import took 0.028256 seconds .

========================================================================
Received Import Request.
  Time since last request: 1.505272 seconds.
  path: Assets/Prefabs/Wall.prefab
  artifactKey: Guid(c2ce823b06cf80d40bfcd3bd533b0a28) Importer(815301076,1909f56bfc062723c751e8b465ee728b)
Start importing Assets/Prefabs/Wall.prefab using Guid(c2ce823b06cf80d40bfcd3bd533b0a28) Importer(815301076,1909f56bfc062723c751e8b465ee728b)  -> (artifact id: '33e5700246822a02145cc7898ddc73c2') in 0.023376 seconds
  Import took 0.028302 seconds .

========================================================================
Received Prepare
Registering precompiled user dll's ...
Registered in 0.001267 seconds.
Begin MonoManager ReloadAssembly
Native extension for WindowsStandalone target not found
Native extension for WebGL target not found
Refreshing native plugins compatible for Editor in 0.55 ms, found 0 plugins.
Preloading 0 native plugins for Editor in 0.00 ms.
Invoked RoslynAnalysisRunner static constructor.
RoslynAnalysisRunner will not be running.
RoslynAnalysisRunner has terminated.
Mono: successfully reloaded assembly
- Completed reload, in  0.938 seconds
Platform modules already initialized, skipping
Refreshing native plugins compatible for Editor in 0.53 ms, found 0 plugins.
Preloading 0 native plugins for Editor in 0.00 ms.
Unloading 3033 Unused Serialized files (Serialized files now loaded: 0)
System memory in use before: 190.2 MB.
System memory in use after: 190.4 MB.

Unloading 6 unused Assets to reduce memory usage. Loaded Objects now: 4037.
Total: 2.823300 ms (FindLiveObjects: 0.308400 ms CreateObjectMapping: 0.085700 ms MarkObjects: 2.377100 ms  DeleteObjects: 0.051100 ms)

========================================================================
Received Import Request.
  Time since last request: 2134.863595 seconds.
  path: Assets/Prefabs/Area Light Blue.prefab
  artifactKey: Guid(1450f71761e31294f9be97fd61b1418e) Importer(815301076,1909f56bfc062723c751e8b465ee728b)
Start importing Assets/Prefabs/Area Light Blue.prefab using Guid(1450f71761e31294f9be97fd61b1418e) Importer(815301076,1909f56bfc062723c751e8b465ee728b)  -> (artifact id: '6ee469ac21e510987e4d758bbb966ddd') in 0.482349 seconds
  Import took 0.488067 seconds .

========================================================================
Received Import Request.
  Time since last request: 9.201855 seconds.
  path: Assets/Prefabs/Area Light Blue.prefab
  artifactKey: Guid(1450f71761e31294f9be97fd61b1418e) Importer(815301076,1909f56bfc062723c751e8b465ee728b)
Start importing Assets/Prefabs/Area Light Blue.prefab using Guid(1450f71761e31294f9be97fd61b1418e) Importer(815301076,1909f56bfc062723c751e8b465ee728b)  -> (artifact id: 'e4f6a03f4f1a0d26c156c4cb3852edf1') in 0.025442 seconds
  Import took 0.030525 seconds .

========================================================================
Received Import Request.
  Time since last request: 3.990007 seconds.
  path: Assets/Prefabs/Area Light Blue.prefab
  artifactKey: Guid(1450f71761e31294f9be97fd61b1418e) Importer(815301076,1909f56bfc062723c751e8b465ee728b)
Start importing Assets/Prefabs/Area Light Blue.prefab using Guid(1450f71761e31294f9be97fd61b1418e) Importer(815301076,1909f56bfc062723c751e8b465ee728b)  -> (artifact id: '14db1a6ced52ed854e3a33ad3724f3b5') in 0.027455 seconds
  Import took 0.032489 seconds .

========================================================================
Received Import Request.
  Time since last request: 1413.066260 seconds.
  path: Assets/Prefabs/Area Light Red.prefab
  artifactKey: Guid(a129b805168ace9488344c4db26444f5) Importer(815301076,1909f56bfc062723c751e8b465ee728b)
Start importing Assets/Prefabs/Area Light Red.prefab using Guid(a129b805168ace9488344c4db26444f5) Importer(815301076,1909f56bfc062723c751e8b465ee728b)  -> (artifact id: '4efe199cf54b8265956f036da3dcd11d') in 0.043168 seconds
  Import took 0.048749 seconds .

========================================================================
Received Import Request.
  Time since last request: 79.531166 seconds.
  path: Assets/Prefabs/Area Light Red.prefab
  artifactKey: Guid(a129b805168ace9488344c4db26444f5) Importer(815301076,1909f56bfc062723c751e8b465ee728b)
Start importing Assets/Prefabs/Area Light Red.prefab using Guid(a129b805168ace9488344c4db26444f5) Importer(815301076,1909f56bfc062723c751e8b465ee728b)  -> (artifact id: '6196ccc4da1fa39542285d3bb1f08101') in 0.026015 seconds
  Import took 0.031242 seconds .

========================================================================
Received Import Request.
  Time since last request: 47.481674 seconds.
  path: Assets/Prefabs/Area Light Blue.prefab
  artifactKey: Guid(1450f71761e31294f9be97fd61b1418e) Importer(815301076,1909f56bfc062723c751e8b465ee728b)
Start importing Assets/Prefabs/Area Light Blue.prefab using Guid(1450f71761e31294f9be97fd61b1418e) Importer(815301076,1909f56bfc062723c751e8b465ee728b)  -> (artifact id: '194aa91d52ee70fb1a912851849dee90') in 0.037898 seconds
  Import took 0.043038 seconds .

========================================================================
Received Import Request.
  Time since last request: 125.083013 seconds.
  path: Assets/Prefabs/Area Light Blue.prefab
  artifactKey: Guid(1450f71761e31294f9be97fd61b1418e) Importer(815301076,1909f56bfc062723c751e8b465ee728b)
Start importing Assets/Prefabs/Area Light Blue.prefab using Guid(1450f71761e31294f9be97fd61b1418e) Importer(815301076,1909f56bfc062723c751e8b465ee728b)  -> (artifact id: '8712e746b8f98a13f348701af6141de2') in 0.025628 seconds
  Import took 0.031088 seconds .

========================================================================
Received Import Request.
  Time since last request: 16.996936 seconds.
  path: Assets/Prefabs/Area Light Red.prefab
  artifactKey: Guid(a129b805168ace9488344c4db26444f5) Importer(815301076,1909f56bfc062723c751e8b465ee728b)
Start importing Assets/Prefabs/Area Light Red.prefab using Guid(a129b805168ace9488344c4db26444f5) Importer(815301076,1909f56bfc062723c751e8b465ee728b)  -> (artifact id: '02854e2619767edc5c406396b57a4d86') in 0.026503 seconds
  Import took 0.031667 seconds .

========================================================================
Received Import Request.
  Time since last request: 537.628945 seconds.
  path: Assets/Prefabs/Area Light Blue.prefab
  artifactKey: Guid(1450f71761e31294f9be97fd61b1418e) Importer(815301076,1909f56bfc062723c751e8b465ee728b)
Start importing Assets/Prefabs/Area Light Blue.prefab using Guid(1450f71761e31294f9be97fd61b1418e) Importer(815301076,1909f56bfc062723c751e8b465ee728b)  -> (artifact id: 'c3c94ca59b968b237f0286816e166471') in 0.023171 seconds
  Import took 0.028974 seconds .

AssetImportWorkerClient::OnTransportError - code=2 error=End of file
